// Jest Snapshot v1, https://goo.gl/fbAQLP

exports[`HelloVue should render 1`] = `
<div>
  <h1>Hello Vue</h1>
</div>
`;
